mode: set
github.com/Emin-ACIKGOZ/go-skrub/builders.go:24.58,26.2 1 1
github.com/Emin-ACIKGOZ/go-skrub/builders.go:35.56,37.2 1 1
github.com/Emin-ACIKGOZ/go-skrub/builders.go:45.34,47.2 1 1
github.com/Emin-ACIKGOZ/go-skrub/builders.go:51.28,53.2 1 1
github.com/Emin-ACIKGOZ/go-skrub/builders.go:57.32,59.2 1 1
github.com/Emin-ACIKGOZ/go-skrub/builders.go:69.70,71.2 1 1
github.com/Emin-ACIKGOZ/go-skrub/errors.go:27.76,33.2 1 1
github.com/Emin-ACIKGOZ/go-skrub/registry.go:30.67,39.58 5 1
github.com/Emin-ACIKGOZ/go-skrub/registry.go:39.58,42.3 2 1
github.com/Emin-ACIKGOZ/go-skrub/registry.go:52.59,53.19 1 1
github.com/Emin-ACIKGOZ/go-skrub/registry.go:53.19,55.3 1 1
github.com/Emin-ACIKGOZ/go-skrub/registry.go:57.2,63.13 5 1
github.com/Emin-ACIKGOZ/go-skrub/registry.go:63.13,65.3 1 1
github.com/Emin-ACIKGOZ/go-skrub/registry.go:67.2,67.35 1 1
github.com/Emin-ACIKGOZ/go-skrub/registry.go:72.22,75.26 3 1
github.com/Emin-ACIKGOZ/go-skrub/registry.go:75.26,77.3 1 1
github.com/Emin-ACIKGOZ/go-skrub/skrub.go:10.48,12.2 1 1
github.com/Emin-ACIKGOZ/go-skrub/skrub.go:16.65,21.29 2 1
github.com/Emin-ACIKGOZ/go-skrub/skrub.go:21.29,23.44 1 1
github.com/Emin-ACIKGOZ/go-skrub/skrub.go:23.44,25.4 1 1
github.com/Emin-ACIKGOZ/go-skrub/skrub.go:28.2,28.12 1 1
github.com/Emin-ACIKGOZ/go-skrub/defs/composite.go:28.30,32.2 1 1
github.com/Emin-ACIKGOZ/go-skrub/defs/composite.go:37.60,40.34 2 1
github.com/Emin-ACIKGOZ/go-skrub/defs/composite.go:40.34,42.3 1 1
github.com/Emin-ACIKGOZ/go-skrub/defs/composite.go:44.2,44.14 1 1
github.com/Emin-ACIKGOZ/go-skrub/defs/composite.go:49.56,50.63 1 1
github.com/Emin-ACIKGOZ/go-skrub/defs/composite.go:50.63,52.3 1 1
github.com/Emin-ACIKGOZ/go-skrub/defs/composite.go:53.2,53.10 1 1
github.com/Emin-ACIKGOZ/go-skrub/defs/composite.go:58.56,59.63 1 1
github.com/Emin-ACIKGOZ/go-skrub/defs/composite.go:59.63,61.3 1 1
github.com/Emin-ACIKGOZ/go-skrub/defs/composite.go:62.2,62.10 1 1
github.com/Emin-ACIKGOZ/go-skrub/defs/composite.go:69.67,70.24 1 1
github.com/Emin-ACIKGOZ/go-skrub/defs/composite.go:70.24,72.3 1 1
github.com/Emin-ACIKGOZ/go-skrub/defs/composite.go:75.2,75.63 1 1
github.com/Emin-ACIKGOZ/go-skrub/defs/composite.go:75.63,77.3 1 1
github.com/Emin-ACIKGOZ/go-skrub/defs/composite.go:78.2,78.10 1 1
github.com/Emin-ACIKGOZ/go-skrub/defs/composite.go:84.55,86.2 1 0
github.com/Emin-ACIKGOZ/go-skrub/defs/primitives.go:17.32,21.2 1 1
github.com/Emin-ACIKGOZ/go-skrub/defs/primitives.go:26.61,29.34 2 1
github.com/Emin-ACIKGOZ/go-skrub/defs/primitives.go:29.34,31.3 1 1
github.com/Emin-ACIKGOZ/go-skrub/defs/primitives.go:33.2,33.14 1 1
github.com/Emin-ACIKGOZ/go-skrub/defs/primitives.go:38.55,39.64 1 1
github.com/Emin-ACIKGOZ/go-skrub/defs/primitives.go:39.64,41.3 1 1
github.com/Emin-ACIKGOZ/go-skrub/defs/primitives.go:42.2,42.10 1 1
github.com/Emin-ACIKGOZ/go-skrub/defs/primitives.go:47.55,48.64 1 1
github.com/Emin-ACIKGOZ/go-skrub/defs/primitives.go:48.64,50.3 1 1
github.com/Emin-ACIKGOZ/go-skrub/defs/primitives.go:51.2,51.10 1 1
github.com/Emin-ACIKGOZ/go-skrub/defs/primitives.go:56.40,57.64 1 1
github.com/Emin-ACIKGOZ/go-skrub/defs/primitives.go:57.64,59.3 1 1
github.com/Emin-ACIKGOZ/go-skrub/defs/primitives.go:60.2,60.10 1 1
github.com/Emin-ACIKGOZ/go-skrub/defs/primitives.go:64.39,65.64 1 1
github.com/Emin-ACIKGOZ/go-skrub/defs/primitives.go:65.64,67.3 1 1
github.com/Emin-ACIKGOZ/go-skrub/defs/primitives.go:68.2,68.10 1 1
github.com/Emin-ACIKGOZ/go-skrub/defs/primitives.go:73.56,74.64 1 0
github.com/Emin-ACIKGOZ/go-skrub/defs/primitives.go:74.64,76.3 1 0
github.com/Emin-ACIKGOZ/go-skrub/defs/primitives.go:77.2,77.10 1 0
github.com/Emin-ACIKGOZ/go-skrub/defs/primitives.go:87.26,91.2 1 1
github.com/Emin-ACIKGOZ/go-skrub/defs/primitives.go:96.58,99.34 2 1
github.com/Emin-ACIKGOZ/go-skrub/defs/primitives.go:99.34,101.3 1 1
github.com/Emin-ACIKGOZ/go-skrub/defs/primitives.go:103.2,103.14 1 1
github.com/Emin-ACIKGOZ/go-skrub/defs/primitives.go:108.49,109.61 1 1
github.com/Emin-ACIKGOZ/go-skrub/defs/primitives.go:109.61,111.3 1 1
github.com/Emin-ACIKGOZ/go-skrub/defs/primitives.go:112.2,112.10 1 1
github.com/Emin-ACIKGOZ/go-skrub/defs/primitives.go:117.49,118.61 1 1
github.com/Emin-ACIKGOZ/go-skrub/defs/primitives.go:118.61,120.3 1 1
github.com/Emin-ACIKGOZ/go-skrub/defs/primitives.go:121.2,121.10 1 1
github.com/Emin-ACIKGOZ/go-skrub/defs/recursive.go:18.73,20.21 1 1
github.com/Emin-ACIKGOZ/go-skrub/defs/recursive.go:20.21,22.3 1 1
github.com/Emin-ACIKGOZ/go-skrub/defs/recursive.go:25.2,25.21 1 1
github.com/Emin-ACIKGOZ/go-skrub/defs/recursive.go:25.21,27.3 1 1
github.com/Emin-ACIKGOZ/go-skrub/defs/recursive.go:30.2,30.69 1 1
github.com/Emin-ACIKGOZ/go-skrub/chains/base.go:31.37,32.49 1 1
github.com/Emin-ACIKGOZ/go-skrub/chains/base.go:32.49,34.3 1 1
github.com/Emin-ACIKGOZ/go-skrub/chains/base.go:35.2,35.12 1 1
github.com/Emin-ACIKGOZ/go-skrub/chains/base.go:41.31,43.2 1 1
github.com/Emin-ACIKGOZ/go-skrub/chains/base.go:47.29,50.2 2 1
github.com/Emin-ACIKGOZ/go-skrub/chains/base.go:56.77,61.34 2 1
github.com/Emin-ACIKGOZ/go-skrub/chains/base.go:61.34,62.19 1 1
github.com/Emin-ACIKGOZ/go-skrub/chains/base.go:62.19,65.4 1 0
github.com/Emin-ACIKGOZ/go-skrub/chains/base.go:65.9,69.4 1 1
github.com/Emin-ACIKGOZ/go-skrub/chains/base.go:72.2,76.3 1 1
github.com/Emin-ACIKGOZ/go-skrub/chains/int.go:18.53,23.2 1 1
github.com/Emin-ACIKGOZ/go-skrub/chains/int.go:27.54,28.36 1 1
github.com/Emin-ACIKGOZ/go-skrub/chains/int.go:28.36,30.3 1 0
github.com/Emin-ACIKGOZ/go-skrub/chains/int.go:31.2,36.30 4 1
github.com/Emin-ACIKGOZ/go-skrub/chains/int.go:37.12,38.15 1 1
github.com/Emin-ACIKGOZ/go-skrub/chains/int.go:38.15,40.4 1 1
github.com/Emin-ACIKGOZ/go-skrub/chains/int.go:40.9,42.4 1 1
github.com/Emin-ACIKGOZ/go-skrub/chains/int.go:43.19,45.35 2 1
github.com/Emin-ACIKGOZ/go-skrub/chains/int.go:45.35,47.4 1 1
github.com/Emin-ACIKGOZ/go-skrub/chains/int.go:47.9,49.4 1 1
github.com/Emin-ACIKGOZ/go-skrub/chains/int.go:50.10,51.24 1 0
github.com/Emin-ACIKGOZ/go-skrub/chains/int.go:54.2,54.11 1 1
github.com/Emin-ACIKGOZ/go-skrub/chains/int.go:54.11,56.3 1 1
github.com/Emin-ACIKGOZ/go-skrub/chains/int.go:58.2,58.34 1 1
github.com/Emin-ACIKGOZ/go-skrub/chains/int.go:58.34,59.33 1 1
github.com/Emin-ACIKGOZ/go-skrub/chains/int.go:59.33,61.4 1 1
github.com/Emin-ACIKGOZ/go-skrub/chains/int.go:64.2,64.12 1 1
github.com/Emin-ACIKGOZ/go-skrub/chains/int.go:68.28,72.2 3 0
github.com/Emin-ACIKGOZ/go-skrub/chains/int.go:75.53,76.56 1 1
github.com/Emin-ACIKGOZ/go-skrub/chains/int.go:76.56,77.24 1 1
github.com/Emin-ACIKGOZ/go-skrub/chains/int.go:77.24,79.4 1 1
github.com/Emin-ACIKGOZ/go-skrub/chains/int.go:80.3,80.13 1 1
github.com/Emin-ACIKGOZ/go-skrub/chains/int.go:82.2,82.10 1 1
github.com/Emin-ACIKGOZ/go-skrub/chains/int.go:86.53,87.56 1 1
github.com/Emin-ACIKGOZ/go-skrub/chains/int.go:87.56,88.24 1 1
github.com/Emin-ACIKGOZ/go-skrub/chains/int.go:88.24,90.4 1 0
github.com/Emin-ACIKGOZ/go-skrub/chains/int.go:91.3,91.13 1 1
github.com/Emin-ACIKGOZ/go-skrub/chains/int.go:93.2,93.10 1 1
github.com/Emin-ACIKGOZ/go-skrub/chains/slice.go:26.57,31.2 1 1
github.com/Emin-ACIKGOZ/go-skrub/chains/slice.go:40.56,44.16 1 1
github.com/Emin-ACIKGOZ/go-skrub/chains/slice.go:44.16,46.3 1 1
github.com/Emin-ACIKGOZ/go-skrub/chains/slice.go:48.2,48.36 1 1
github.com/Emin-ACIKGOZ/go-skrub/chains/slice.go:48.36,50.3 1 0
github.com/Emin-ACIKGOZ/go-skrub/chains/slice.go:51.2,56.67 3 1
github.com/Emin-ACIKGOZ/go-skrub/chains/slice.go:56.67,57.18 1 1
github.com/Emin-ACIKGOZ/go-skrub/chains/slice.go:57.18,59.4 1 0
github.com/Emin-ACIKGOZ/go-skrub/chains/slice.go:60.3,60.19 1 1
github.com/Emin-ACIKGOZ/go-skrub/chains/slice.go:64.2,64.35 1 1
github.com/Emin-ACIKGOZ/go-skrub/chains/slice.go:64.35,66.3 1 0
github.com/Emin-ACIKGOZ/go-skrub/chains/slice.go:68.2,68.33 1 1
github.com/Emin-ACIKGOZ/go-skrub/chains/slice.go:68.33,71.3 1 0
github.com/Emin-ACIKGOZ/go-skrub/chains/slice.go:74.2,74.39 1 1
github.com/Emin-ACIKGOZ/go-skrub/chains/slice.go:74.39,75.33 1 1
github.com/Emin-ACIKGOZ/go-skrub/chains/slice.go:75.33,77.4 1 1
github.com/Emin-ACIKGOZ/go-skrub/chains/slice.go:80.2,80.37 1 1
github.com/Emin-ACIKGOZ/go-skrub/chains/slice.go:85.83,86.34 1 1
github.com/Emin-ACIKGOZ/go-skrub/chains/slice.go:86.34,88.3 1 1
github.com/Emin-ACIKGOZ/go-skrub/chains/slice.go:90.2,91.29 2 1
github.com/Emin-ACIKGOZ/go-skrub/chains/slice.go:91.29,94.40 2 1
github.com/Emin-ACIKGOZ/go-skrub/chains/slice.go:94.40,95.12 1 0
github.com/Emin-ACIKGOZ/go-skrub/chains/slice.go:98.3,98.65 1 1
github.com/Emin-ACIKGOZ/go-skrub/chains/slice.go:98.65,100.4 1 1
github.com/Emin-ACIKGOZ/go-skrub/chains/slice.go:103.2,103.12 1 1
github.com/Emin-ACIKGOZ/go-skrub/chains/slice.go:108.73,110.64 1 1
github.com/Emin-ACIKGOZ/go-skrub/chains/slice.go:110.64,112.3 1 0
github.com/Emin-ACIKGOZ/go-skrub/chains/slice.go:116.2,117.35 2 1
github.com/Emin-ACIKGOZ/go-skrub/chains/slice.go:121.102,126.16 3 1
github.com/Emin-ACIKGOZ/go-skrub/chains/slice.go:126.16,129.3 1 1
github.com/Emin-ACIKGOZ/go-skrub/chains/slice.go:133.2,135.42 2 1
github.com/Emin-ACIKGOZ/go-skrub/chains/slice.go:135.42,138.49 2 1
github.com/Emin-ACIKGOZ/go-skrub/chains/slice.go:138.49,140.4 1 1
github.com/Emin-ACIKGOZ/go-skrub/chains/slice.go:142.2,142.12 1 1
github.com/Emin-ACIKGOZ/go-skrub/chains/slice.go:148.100,151.36 1 1
github.com/Emin-ACIKGOZ/go-skrub/chains/slice.go:151.36,155.3 3 1
github.com/Emin-ACIKGOZ/go-skrub/chains/slice.go:159.2,159.28 1 1
github.com/Emin-ACIKGOZ/go-skrub/chains/slice.go:164.30,169.2 4 0
github.com/Emin-ACIKGOZ/go-skrub/chains/slice.go:173.60,174.76 1 1
github.com/Emin-ACIKGOZ/go-skrub/chains/slice.go:174.76,175.30 1 1
github.com/Emin-ACIKGOZ/go-skrub/chains/slice.go:175.30,177.4 1 1
github.com/Emin-ACIKGOZ/go-skrub/chains/slice.go:178.3,178.13 1 0
github.com/Emin-ACIKGOZ/go-skrub/chains/slice.go:180.2,180.10 1 1
github.com/Emin-ACIKGOZ/go-skrub/chains/slice.go:185.60,186.76 1 1
github.com/Emin-ACIKGOZ/go-skrub/chains/slice.go:186.76,187.30 1 1
github.com/Emin-ACIKGOZ/go-skrub/chains/slice.go:187.30,189.4 1 0
github.com/Emin-ACIKGOZ/go-skrub/chains/slice.go:190.3,190.13 1 1
github.com/Emin-ACIKGOZ/go-skrub/chains/slice.go:192.2,192.10 1 1
github.com/Emin-ACIKGOZ/go-skrub/chains/slice.go:198.71,201.2 2 1
github.com/Emin-ACIKGOZ/go-skrub/chains/string.go:34.59,39.2 1 1
github.com/Emin-ACIKGOZ/go-skrub/chains/string.go:45.57,46.36 1 1
github.com/Emin-ACIKGOZ/go-skrub/chains/string.go:46.36,48.3 1 0
github.com/Emin-ACIKGOZ/go-skrub/chains/string.go:49.2,54.30 4 1
github.com/Emin-ACIKGOZ/go-skrub/chains/string.go:55.15,56.15 1 1
github.com/Emin-ACIKGOZ/go-skrub/chains/string.go:56.15,58.4 1 0
github.com/Emin-ACIKGOZ/go-skrub/chains/string.go:58.9,60.4 1 1
github.com/Emin-ACIKGOZ/go-skrub/chains/string.go:61.19,63.38 2 1
github.com/Emin-ACIKGOZ/go-skrub/chains/string.go:63.38,65.4 1 1
github.com/Emin-ACIKGOZ/go-skrub/chains/string.go:65.9,67.4 1 0
github.com/Emin-ACIKGOZ/go-skrub/chains/string.go:68.10,69.24 1 0
github.com/Emin-ACIKGOZ/go-skrub/chains/string.go:72.2,72.11 1 1
github.com/Emin-ACIKGOZ/go-skrub/chains/string.go:72.11,74.3 1 0
github.com/Emin-ACIKGOZ/go-skrub/chains/string.go:76.2,76.34 1 1
github.com/Emin-ACIKGOZ/go-skrub/chains/string.go:76.34,77.33 1 1
github.com/Emin-ACIKGOZ/go-skrub/chains/string.go:77.33,79.4 1 1
github.com/Emin-ACIKGOZ/go-skrub/chains/string.go:82.2,82.12 1 1
github.com/Emin-ACIKGOZ/go-skrub/chains/string.go:87.31,91.2 3 0
github.com/Emin-ACIKGOZ/go-skrub/chains/string.go:95.59,96.59 1 1
github.com/Emin-ACIKGOZ/go-skrub/chains/string.go:96.59,97.48 1 1
github.com/Emin-ACIKGOZ/go-skrub/chains/string.go:97.48,99.4 1 1
github.com/Emin-ACIKGOZ/go-skrub/chains/string.go:100.3,100.13 1 1
github.com/Emin-ACIKGOZ/go-skrub/chains/string.go:102.2,102.10 1 1
github.com/Emin-ACIKGOZ/go-skrub/chains/string.go:107.59,108.59 1 0
github.com/Emin-ACIKGOZ/go-skrub/chains/string.go:108.59,109.48 1 0
github.com/Emin-ACIKGOZ/go-skrub/chains/string.go:109.48,111.4 1 0
github.com/Emin-ACIKGOZ/go-skrub/chains/string.go:112.3,112.13 1 0
github.com/Emin-ACIKGOZ/go-skrub/chains/string.go:114.2,114.10 1 0
github.com/Emin-ACIKGOZ/go-skrub/chains/string.go:122.60,124.59 2 1
github.com/Emin-ACIKGOZ/go-skrub/chains/string.go:124.59,125.25 1 1
github.com/Emin-ACIKGOZ/go-skrub/chains/string.go:125.25,127.4 1 0
github.com/Emin-ACIKGOZ/go-skrub/chains/string.go:128.3,128.13 1 1
github.com/Emin-ACIKGOZ/go-skrub/chains/string.go:130.2,130.10 1 1
github.com/Emin-ACIKGOZ/go-skrub/chains/string.go:135.44,137.59 1 1
github.com/Emin-ACIKGOZ/go-skrub/chains/string.go:137.59,138.33 1 1
github.com/Emin-ACIKGOZ/go-skrub/chains/string.go:138.33,140.4 1 0
github.com/Emin-ACIKGOZ/go-skrub/chains/string.go:141.3,141.13 1 1
github.com/Emin-ACIKGOZ/go-skrub/chains/string.go:143.2,143.10 1 1
github.com/Emin-ACIKGOZ/go-skrub/chains/string.go:148.43,149.59 1 1
github.com/Emin-ACIKGOZ/go-skrub/chains/string.go:149.59,150.32 1 1
github.com/Emin-ACIKGOZ/go-skrub/chains/string.go:150.32,152.4 1 1
github.com/Emin-ACIKGOZ/go-skrub/chains/string.go:153.3,153.13 1 0
github.com/Emin-ACIKGOZ/go-skrub/chains/string.go:155.2,155.10 1 1
github.com/Emin-ACIKGOZ/go-skrub/internal/skrubreflect/helpers.go:18.40,21.62 1 1
github.com/Emin-ACIKGOZ/go-skrub/internal/skrubreflect/helpers.go:21.62,23.3 1 1
github.com/Emin-ACIKGOZ/go-skrub/internal/skrubreflect/helpers.go:27.2,27.17 1 1
github.com/Emin-ACIKGOZ/go-skrub/internal/skrubreflect/helpers.go:27.17,29.3 1 1
github.com/Emin-ACIKGOZ/go-skrub/internal/skrubreflect/helpers.go:33.2,33.22 1 1
github.com/Emin-ACIKGOZ/go-skrub/pkg/core/types.go:37.41,39.2 1 1
github.com/Emin-ACIKGOZ/go-skrub/pkg/core/types.go:51.37,52.18 1 1
github.com/Emin-ACIKGOZ/go-skrub/pkg/core/types.go:52.18,54.3 1 1
github.com/Emin-ACIKGOZ/go-skrub/pkg/core/types.go:55.2,55.48 1 1
github.com/Emin-ACIKGOZ/go-skrub/pkg/core/types.go:59.37,59.55 1 1
github.com/Emin-ACIKGOZ/go-skrub/pkg/core/types.go:62.71,68.2 1 0
github.com/Emin-ACIKGOZ/go-skrub/pkg/core/types.go:127.38,128.23 1 1
github.com/Emin-ACIKGOZ/go-skrub/pkg/core/types.go:128.23,130.3 1 1
github.com/Emin-ACIKGOZ/go-skrub/pkg/core/types.go:131.2,135.3 1 1
github.com/Emin-ACIKGOZ/go-skrub/pkg/core/types.go:143.56,147.31 2 1
github.com/Emin-ACIKGOZ/go-skrub/pkg/core/types.go:147.31,153.3 1 1
github.com/Emin-ACIKGOZ/go-skrub/pkg/core/types.go:156.2,156.70 1 1
github.com/Emin-ACIKGOZ/go-skrub/pkg/core/types.go:156.70,157.29 1 1
github.com/Emin-ACIKGOZ/go-skrub/pkg/core/types.go:157.29,159.4 1 1
github.com/Emin-ACIKGOZ/go-skrub/pkg/core/types.go:162.2,166.8 1 1
github.com/Emin-ACIKGOZ/go-skrub/pkg/core/types.go:171.48,172.18 1 1
github.com/Emin-ACIKGOZ/go-skrub/pkg/core/types.go:172.18,174.3 1 1
github.com/Emin-ACIKGOZ/go-skrub/pkg/core/types.go:175.2,175.16 1 1
github.com/Emin-ACIKGOZ/go-skrub/pkg/core/types.go:175.16,177.3 1 0
github.com/Emin-ACIKGOZ/go-skrub/pkg/core/types.go:178.2,178.34 1 1
github.com/Emin-ACIKGOZ/go-skrub/pkg/core/types.go:178.34,181.3 1 1
github.com/Emin-ACIKGOZ/go-skrub/pkg/core/types.go:183.2,183.28 1 1
github.com/Emin-ACIKGOZ/go-skrub/middleware/http.go:22.24,26.2 1 1
github.com/Emin-ACIKGOZ/go-skrub/middleware/http.go:30.90,32.2 1 1
github.com/Emin-ACIKGOZ/go-skrub/middleware/http.go:40.97,41.71 1 1
github.com/Emin-ACIKGOZ/go-skrub/middleware/http.go:41.71,43.38 1 1
github.com/Emin-ACIKGOZ/go-skrub/middleware/http.go:43.38,45.26 1 1
github.com/Emin-ACIKGOZ/go-skrub/middleware/http.go:45.26,46.36 1 1
github.com/Emin-ACIKGOZ/go-skrub/middleware/http.go:46.36,49.6 1 1
github.com/Emin-ACIKGOZ/go-skrub/middleware/http.go:50.10,53.5 1 1
github.com/Emin-ACIKGOZ/go-skrub/middleware/http.go:54.4,54.10 1 1
github.com/Emin-ACIKGOZ/go-skrub/middleware/http.go:58.3,58.23 1 1
github.com/Emin-ACIKGOZ/go-skrub/pkg/adapters/time.go:29.36,31.18 2 1
github.com/Emin-ACIKGOZ/go-skrub/pkg/adapters/time.go:31.18,33.3 1 1
github.com/Emin-ACIKGOZ/go-skrub/pkg/adapters/time.go:34.2,34.29 1 1
github.com/Emin-ACIKGOZ/go-skrub/pkg/adapters/time.go:43.37,45.2 1 1
github.com/Emin-ACIKGOZ/go-skrub/pkg/adapters/time.go:52.62,54.2 1 1
github.com/Emin-ACIKGOZ/go-skrub/pkg/adapters/uuid.go:27.36,28.18 1 1
github.com/Emin-ACIKGOZ/go-skrub/pkg/adapters/uuid.go:28.18,30.3 1 1
github.com/Emin-ACIKGOZ/go-skrub/pkg/adapters/uuid.go:31.2,31.23 1 1
github.com/Emin-ACIKGOZ/go-skrub/pkg/adapters/uuid.go:39.40,41.2 1 1
github.com/Emin-ACIKGOZ/go-skrub/pkg/adapters/uuid.go:53.42,54.14 1 1
github.com/Emin-ACIKGOZ/go-skrub/pkg/adapters/uuid.go:54.14,56.3 1 1
github.com/Emin-ACIKGOZ/go-skrub/pkg/adapters/uuid.go:59.2,59.35 1 1
github.com/Emin-ACIKGOZ/go-skrub/pkg/adapters/uuid.go:59.35,61.3 1 1
github.com/Emin-ACIKGOZ/go-skrub/pkg/adapters/uuid.go:64.2,64.35 1 0
github.com/Emin-ACIKGOZ/go-skrub/pkg/adapters/uuid.go:64.35,66.3 1 0
github.com/Emin-ACIKGOZ/go-skrub/pkg/adapters/uuid.go:69.2,69.31 1 0
github.com/Emin-ACIKGOZ/go-skrub/internal/pool/safe.go:41.40,42.23 1 1
github.com/Emin-ACIKGOZ/go-skrub/internal/pool/safe.go:42.23,44.3 1 1
github.com/Emin-ACIKGOZ/go-skrub/internal/pool/safe.go:46.2,51.24 2 1
github.com/Emin-ACIKGOZ/go-skrub/internal/pool/safe.go:51.24,53.37 1 1
github.com/Emin-ACIKGOZ/go-skrub/internal/pool/safe.go:53.37,55.42 1 1
github.com/Emin-ACIKGOZ/go-skrub/internal/pool/safe.go:55.42,57.5 1 1
github.com/Emin-ACIKGOZ/go-skrub/internal/pool/safe.go:61.2,61.10 1 1
github.com/Emin-ACIKGOZ/go-skrub/internal/pool/safe.go:68.39,69.26 1 1
github.com/Emin-ACIKGOZ/go-skrub/internal/pool/safe.go:69.26,71.10 1 1
github.com/Emin-ACIKGOZ/go-skrub/internal/pool/safe.go:72.26,73.20 1 1
github.com/Emin-ACIKGOZ/go-skrub/internal/pool/safe.go:74.11,75.37 1 1
github.com/Emin-ACIKGOZ/go-skrub/internal/pool/safe.go:80.2,81.18 2 1
github.com/Emin-ACIKGOZ/go-skrub/internal/pool/safe.go:89.34,90.17 1 1
github.com/Emin-ACIKGOZ/go-skrub/internal/pool/safe.go:90.17,92.3 1 0
github.com/Emin-ACIKGOZ/go-skrub/internal/pool/safe.go:94.2,94.46 1 1
github.com/Emin-ACIKGOZ/go-skrub/internal/pool/safe.go:94.46,96.3 1 1
github.com/Emin-ACIKGOZ/go-skrub/internal/pool/safe.go:100.2,100.9 1 1
github.com/Emin-ACIKGOZ/go-skrub/internal/pool/safe.go:101.23,101.23 0 1
github.com/Emin-ACIKGOZ/go-skrub/internal/pool/safe.go:103.10,103.10 0 1
